|a| => 10
|b| => 60
|c| => 110
|d| => 160
|e| => 210
|f| => 260
|g| => 310
|asdsadf| => 360
|ra4ws| => 410
|23f3w| => 460
|awawf| => 510
ende
